// Jest Snapshot v1, https://goo.gl/fbAQLP

exports[`Calculator page renders 1`] = `undefined`;
