// Jest Snapshot v1, https://goo.gl/fbAQLP

exports[`<Quote /> it should match snapshot 1`] = `
<div
  className="quotes-div"
>
  <p
    className="quotes"
  >
    Loading..
    -
    Author
  </p>
</div>
`;
